^пограничен<adj><mfn><pl><nom><ind>/border<adj><mfn><pl><nom><ind>$ ^област<n><f><pl><nom><ind>/area<n><pl><nom><ind>$^.<sent>/.<sent>$
