[ 0 ]^El<det><def><f><sg>/The<det><def><f><sg>$[ \$ 1 ]^estació<n><f><sg>/season<n><sg>$[ 2 ]^més<adv>/more<adv>$[ 3 ]^plujós<adj><f><sg>/rainy<adj><sint><f><sg>$[ 4 ]^de<pr>/of<pr>/from<pr>$[  5  ]^el<det><def><m><sg>/the<det><def><m><sg>$[ 6]^any<n><m><sg>/year<n><sg>$[7 ]^ser<vbser><pri><p3><sg>/be<vbser><pri><p3><sg>$[<b>8<\/b>]^el<det><def><m><sg>/the<det><def><m><sg>$[ 9 ]^estiu<n><m><sg>/summer<n><sg>$^.<sent>/.<sent>$^.<sent>/.<sent>$[][
0 ]^EL<det><def><f><sg>/The<det><def><f><sg>$[ \$ 1 ]^estació<n><f><sg>/season<n><sg>$[ 2 ]^més<adv>/more<adv>$[ 3 ]^plujós<adj><f><sg>/rainy<adj><sint><f><sg>$[ 4 ]^de<pr>/of<pr>/from<pr>$[  5  ]^el<det><def><m><sg>/the<det><def><m><sg>$[ 6]^any<n><m><sg>/year<n><sg>$[7 ]^ser<vbser><pri><p3><sg>/be<vbser><pri><p3><sg>$[<b>8<\/b>]^el<det><def><m><sg>/the<det><def><m><sg>$[ 9 ]^estiu<n><m><sg>/summer<n><sg>$^.<sent>/.<sent>$^.<sent>/.<sent>$[][
0 ]^el<det><def><f><sg>/The<det><def><f><sg>$[ \$ 1 ]^estació<n><f><sg>/season<n><sg>$[ 2 ]^més<adv>/more<adv>$[ 3 ]^plujós<adj><f><sg>/rainy<adj><sint><f><sg>$[ 4 ]^de<pr>/of<pr>/from<pr>$[  5  ]^el<det><def><m><sg>/the<det><def><m><sg>$[ 6]^any<n><m><sg>/year<n><sg>$[7 ]^ser<vbser><pri><p3><sg>/be<vbser><pri><p3><sg>$[<b>8<\/b>]^el<det><def><m><sg>/the<det><def><m><sg>$[ 9 ]^estiu<n><m><sg>/summer<n><sg>$^.<sent>/.<sent>$^.<sent>/.<sent>$[][
]
