^лабораторија<n><f><sg><nom><ind>/laboratory<n><sg><nom><ind>$ ^,<cm>/,<cm>$ ^вреден<adj><f><sg><nom><ind>/hard-working<adj><f><sg><nom><ind>$ ^околу<pr>/round<pr>/near<pr>/about<pr>/around<pr>$ 
